Microsoft Windows [Version 10.0.17763.437]
(c) 2018 Microsoft Corporation. All rights reserved.

C:\WINDOWS\system32>cd C:\Program Files (x86)\Microsoft Dynamics NAV\110\RoleTailored Client

C:\Program Files (x86)\Microsoft Dynamics NAV\110\RoleTailored Client>finsql.exe Command=ExportToNewSyntax, File="C:\Temp\AL-Conversion\cal\export.txt", Database="IITA", ServerName=MASTERMIND\MSSQLSERVER01, Filter=Type=table;ID=51511305..51511309

C:\Program Files (x86)\Microsoft Dynamics NAV\110\RoleTailored Client>txt2al -source="C:\Temp\AL-Conversion\cal" -target="C:\Temp\AL-Conversion\al" -rename

Copyright (C) 2017 Copyright (c) Microsoft Corporation. All rights reserved.

  --source=Path         Required. The path of the directory containing the TXT
                        files.

  --target=Path         Required. The path of the directory into which the
                        converted AL files will be placed.

  --rename              Rename the output files to prevent clashes with the
                        source .txt files.

  --type=ObjectType     The type of object to convert. Allowed values:
                        Codeunit, Table, Page, Report, Query, XmlPort

  --extensionStartId    The starting numeric ID of the extension objects
                        (Default: 70000000). It will be incremented by 1 for
                        each extension object.

  --help                Display this help screen.


C:\Program Files (x86)\Microsoft Dynamics NAV\110\RoleTailored Client>txt2al --source="C:\Temp\AL-Conversion\cal" --target="C:\Temp\AL-Conversion\al" --rename
Writing: C:\Temp\AL-Conversion\al\Table 51511305 - Medical Cover Types.al
Writing: C:\Temp\AL-Conversion\al\Table 51511306 - Medical Scheme Header.al
Writing: C:\Temp\AL-Conversion\al\Table 51511307 - Medical Scheme Lines.al
Writing: C:\Temp\AL-Conversion\al\Table 51511308 - Medical Claim Header.al
Writing: C:\Temp\AL-Conversion\al\Table 51511309 - Medical History.al

Total Time: 0:00:01.3348658
Errors: 0

C:\Program Files (x86)\Microsoft Dynamics NAV\110\RoleTailored Client>finsql.exe Command=ExportToNewSyntax, File="C:\Temp\AL-Conversion\cal\export.txt", Database="IITA", ServerName=MASTERMIND\MSSQLSERVER01, Filter=Type=page;ID=51511406

C:\Program Files (x86)\Microsoft Dynamics NAV\110\RoleTailored Client>txt2al --source="C:\Temp\AL-Conversion\cal" --target="C:\Temp\AL-Conversion\al" --rename
Writing: C:\Temp\AL-Conversion\al\Page 51511406 - Medical Cover List.al

Total Time: 0:00:00.3480576
Errors: 0

C:\Program Files (x86)\Microsoft Dynamics NAV\110\RoleTailored Client>finsql.exe Command=ExportToNewSyntax, File="C:\Temp\AL-Conversion\cal\export.txt", Database="IITA", ServerName=MASTERMIND\MSSQLSERVER01, Filter=Type=table;ID=51511341

C:\Program Files (x86)\Microsoft Dynamics NAV\110\RoleTailored Client>txt2al --source="C:\Temp\AL-Conversion\cal" --target="C:\Temp\AL-Conversion\al" --rename
Writing: C:\Temp\AL-Conversion\al\Table 51511341 - Medical Information.al

Total Time: 0:00:00.2306031
Errors: 0

C:\Program Files (x86)\Microsoft Dynamics NAV\110\RoleTailored Client>finsql.exe Command=ExportToNewSyntax, File="C:\Temp\AL-Conversion\cal\export.txt", Database="IITA", ServerName=MASTERMIND\MSSQLSERVER01, Filter=Type=page;ID=51511368..51511369

C:\Program Files (x86)\Microsoft Dynamics NAV\110\RoleTailored Client>txt2al --source="C:\Temp\AL-Conversion\cal" --target="C:\Temp\AL-Conversion\al" --rename
Writing: C:\Temp\AL-Conversion\al\Page 51511368 - Medical Claim Header List.al
Writing: C:\Temp\AL-Conversion\al\Page 51511369 - Medical Claim Header.al

Total Time: 0:00:00.4408086
Errors: 0

C:\Program Files (x86)\Microsoft Dynamics NAV\110\RoleTailored Client>finsql.exe Command=ExportToNewSyntax, File="C:\Temp\AL-Conversion\cal\export.txt", Database="IITA", ServerName=MASTERMIND\MSSQLSERVER01, Filter=Type=page;ID=51511484

C:\Program Files (x86)\Microsoft Dynamics NAV\110\RoleTailored Client>txt2al --source="C:\Temp\AL-Conversion\cal" --target="C:\Temp\AL-Conversion\al" --rename
Writing: C:\Temp\AL-Conversion\al\Page 51511484 - Attachments.al

Total Time: 0:00:00.3121686
Errors: 0

C:\Program Files (x86)\Microsoft Dynamics NAV\110\RoleTailored Client>finsql.exe Command=ExportToNewSyntax, File="C:\Temp\AL-Conversion\cal\export.txt", Database="IITA", ServerName=MASTERMIND\MSSQLSERVER01, Filter=Type=table;ID=51511412

C:\Program Files (x86)\Microsoft Dynamics NAV\110\RoleTailored Client>txt2al --source="C:\Temp\AL-Conversion\cal" --target="C:\Temp\AL-Conversion\al" --rename
Writing: C:\Temp\AL-Conversion\al\Table 51511412 - Files Path Management.al

Total Time: 0:00:00.3206369
Errors: 0

C:\Program Files (x86)\Microsoft Dynamics NAV\110\RoleTailored Client>finsql.exe Command=ExportToNewSyntax, File="C:\Temp\AL-Conversion\cal\export.txt", Database="IITA", ServerName=MASTERMIND\MSSQLSERVER01, Filter=Type=table;ID=51511322

C:\Program Files (x86)\Microsoft Dynamics NAV\110\RoleTailored Client>txt2al --source="C:\Temp\AL-Conversion\cal" --target="C:\Temp\AL-Conversion\al" --rename
Writing: C:\Temp\AL-Conversion\al\Table 51511322 - Claim Line.al

Total Time: 0:00:00.4667205
Errors: 0

C:\Program Files (x86)\Microsoft Dynamics NAV\110\RoleTailored Client>finsql.exe Command=ExportToNewSyntax, File="C:\Temp\AL-Conversion\cal\export.txt", Database="IITA", ServerName=MASTERMIND\MSSQLSERVER01, Filter=Type=page;ID=51511443..51511445

C:\Program Files (x86)\Microsoft Dynamics NAV\110\RoleTailored Client>txt2al --source="C:\Temp\AL-Conversion\cal" --target="C:\Temp\AL-Conversion\al" --rename
Writing: C:\Temp\AL-Conversion\al\Page 51511443 - Employee Transfer list.al
Writing: C:\Temp\AL-Conversion\al\Page 51511444 - Employee Transfer Card.al
Writing: C:\Temp\AL-Conversion\al\Page 51511445 - Employee Transfer Lines.al

Total Time: 0:00:00.3331272
Errors: 0

C:\Program Files (x86)\Microsoft Dynamics NAV\110\RoleTailored Client>